node:internal/modules/cjs/loader:1404
  throw err;
  ^

Error: Cannot find module 'zod'
Require stack:
- /mnt/data/cbt_batch03_final_work/repo/src/lib/content/welding-safety-supplement.ts
- /mnt/data/cbt_batch03_final_work/repo/src/lib/content/welding-safety-approved.ts
- /mnt/data/cbt_batch03_final_work/repo/src/lib/content/runtime-content.ts
- /mnt/data/cbt_batch03_final_work/repo/scripts/verify-reviewed-cbt-variants.ts
- /mnt/data/cbt_batch03_final_work/run-repo-verifier.cjs
    at Function.<anonymous> (node:internal/modules/cjs/loader:1401:15)
    at Module._resolveFilename (/mnt/data/cbt_batch03_final_work/run-repo-verifier.cjs:10:26)
    at defaultResolveImpl (node:internal/modules/cjs/loader:1057:19)
    at resolveForCJSWithHooks (node:internal/modules/cjs/loader:1062:22)
    at Function._load (node:internal/modules/cjs/loader:1211:37)
    at TracingChannel.traceSync (node:diagnostics_channel:322:14)
    at wrapModuleLoad (node:internal/modules/cjs/loader:235:24)
    at Module.require (node:internal/modules/cjs/loader:1487:12)
    at require (node:internal/modules/helpers:135:16)
    at Object.<anonymous> (/mnt/data/cbt_batch03_final_work/repo/src/lib/content/welding-safety-supplement.ts:9:15) {
  code: 'MODULE_NOT_FOUND',
  requireStack: [
    '/mnt/data/cbt_batch03_final_work/repo/src/lib/content/welding-safety-supplement.ts',
    '/mnt/data/cbt_batch03_final_work/repo/src/lib/content/welding-safety-approved.ts',
    '/mnt/data/cbt_batch03_final_work/repo/src/lib/content/runtime-content.ts',
    '/mnt/data/cbt_batch03_final_work/repo/scripts/verify-reviewed-cbt-variants.ts',
    '/mnt/data/cbt_batch03_final_work/run-repo-verifier.cjs'
  ]
}

Node.js v22.16.0
