{
  "batchId": "import-10",
  "generatedAt": "2026-08-08T20:40:00+09:00",
  "recordCount": 200,
  "states": {
    "candidate": 187,
    "choice_conflict": 2,
    "hold": 11
  },
  "fullCanonicalChoiceMappingCount": 39,
  "manualChoiceMappingCount": 0,
  "variantSpecificFeedbackPendingCount": 148,
  "theoryLessonAdditionCount": 0,
  "canonicalQuestionChangeCount": 1,
  "directTheoryLinkCount": 200,
  "existingTheoryRelinkCount": 3,
  "imageVerificationQueueCount": 10,
  "choiceConflictCount": 2,
  "answerKeyCorrectionCount": 0,
  "answerKeyConflictCount": 1,
  "canonicalReassignmentCount": 2,
  "canonicalTheoryRepairCount": 1,
  "lowContextRegistrationCount": 31,
  "formulaUnitSubstitutionCount": 7,
  "formulaExternalIds": [
    "2019-2-Q94",
    "2020-12B-Q08",
    "2020-12B-Q10",
    "2020-12B-Q20",
    "2020-12B-Q97",
    "2020-3B-Q06",
    "2020-3B-Q14"
  ],
  "sourceContentSha256Expected": "7861cd4247438a6b7e62cc346ab7ad743ef57c93d9811a2b2e6e2e56080e50d4",
  "contentHashBindingVerified": true,
  "dryRunMappingSha256": "6a03617e3c2c36973c08b36bdd7c6119c5a73974c9fb2cf641cff246d00c21fc",
  "canonicalReferenceSha256": "e7deabe7dd47bc328c81fa17cd1428885ab7abaf8f6886dc40eb02f2f800c30e",
  "priorRecordsSha256": "3e10c692103b8e5e3297b3fec0e6f20f45ef061f21f8b0b21e15e13b5dbe168a",
  "cumulativeRecordCount": 1970,
  "unreviewedRecordCount": 414
}

manifest sha 7b6d0d4cb66892976399094e433ed2f852c1aeaf11fe5e81afeeacb7b4c2b9fc
