{
  "batchId": "import-09",
  "generatedAt": "2026-08-08T19:20:00+09:00",
  "recordCount": 200,
  "states": {
    "candidate": 192,
    "hold": 7,
    "choice_conflict": 1
  },
  "fullCanonicalChoiceMappingCount": 28,
  "manualChoiceMappingCount": 0,
  "variantSpecificFeedbackPendingCount": 164,
  "theoryLessonAdditionCount": 0,
  "canonicalQuestionChangeCount": 0,
  "directTheoryLinkCount": 200,
  "existingTheoryRelinkCount": 0,
  "imageVerificationQueueCount": 7,
  "choiceConflictCount": 1,
  "answerKeyCorrectionCount": 0,
  "canonicalReassignmentCount": 0,
  "canonicalTheoryRepairCount": 0,
  "lowContextRegistrationCount": 26,
  "formulaUnitSubstitutionCount": 12,
  "formulaExternalIds": [
    "2018-4-Q82",
    "2018-4-Q93",
    "2019-1-Q01",
    "2019-1-Q16",
    "2019-1-Q36",
    "2019-1-Q83",
    "2019-1-Q87",
    "2019-1-Q90",
    "2019-2-Q09",
    "2019-2-Q17",
    "2019-2-Q21",
    "2019-2-Q35"
  ],
  "sourceContentSha256Expected": "7861cd4247438a6b7e62cc346ab7ad743ef57c93d9811a2b2e6e2e56080e50d4",
  "contentHashBindingVerified": true,
  "dryRunMappingSha256": "f2b489e40f5fbe9dd632a8866e23aba0eaa6b27bf25bc7159f8744b5a239b6f6",
  "priorRecordsSha256": "058f348998cabc060faa93180071611e05d417acc2e3b729363a28ae5f113c5a",
  "cumulativeRecordCount": 1770,
  "unreviewedRecordCount": 614
}

manifest sha 6deeb56ea7bca091eb33bf7f3fe5c582c66d438e5df42ded9a90854074da0d4a
